file[0] = Domain\Account.cs
// Created using OurPresence.Modeller template 'Domain Class' version 1.0.0
// NOTE: This file cannot be overwritten when regenerated

namespace Mizrael.SuperSafeBank.Common.Domain
{
    public class Account : BaseAggregateRoot<Account, Guid>
    {
        public Account(Guid ownerId, Money balance)
        {
            OwnerId = ownerId;
            Balance = balance;
        }

        public Guid OwnerId { get; private set; }

        public Money Balance { get; private set; }

        public void Withdraw(Money amount)
        {
            // todo: Add Withdraw behaviour here
        }

        public void Deposit(Money amount)
        {
            // todo: Add Deposit behaviour here
        }

        protected override void Apply(IDomainEvent<Guid> @event)
        {
            // todo: Apply events
        }
    }
}

file[1] = Domain\Events\Withdrawal.cs
namespace Mizrael.SuperSafeBank.Common.Domain.Events
{
    public class Withdrawal : BaseDomainEvent<Account, Guid>
    {
        /// <summary>
        /// for deserialization
        /// </summary>
        private Withdrawal() { }

        public Withdrawal(Account account) : base(account)
        {
            // todo: 
        }
    }
}

file[2] = Domain\Events\Deposit.cs
namespace Mizrael.SuperSafeBank.Common.Domain.Events
{
    public class Deposit : BaseDomainEvent<Account, Guid>
    {
        /// <summary>
        /// for deserialization
        /// </summary>
        private Deposit() { }

        public Deposit(Account account) : base(account)
        {
            // todo: 
        }
    }
}

