file[0] = Mizrael.SuperSafeBank.csproj
<Project Sdk="Microsoft.NET.Sdk">

    <PropertyGroup>
        <TargetFramework>net5.0</TargetFramework>
        <Configurations>Debug;Release;DebugOnPremise;DebugAzure</Configurations>
        <RootNamespace>Mizrael.SuperSafeBank</RootNamespace>
        <Nullable>enable</Nullable>
    </PropertyGroup>

    <ItemGroup>
        <PackageReference Include="OurPresence.Core" Version="1.0.0" />
        <PackageReference Include="Microsoft.EntityFrameworkCore.Design" Version="5.0.7">
            <PrivateAssets>all</PrivateAssets>
            <IncludeAssets>runtime; build; native; contentfiles; analyzers; buildtransitive</IncludeAssets>
        </PackageReference>
        <PackageReference Include="Microsoft.EntityFrameworkCore.SqlServer" Version="5.0.7" />
        <PackageReference Include="Swashbuckle.AspNetCore" Version="6.1.4" />
    </ItemGroup>

</Project>

