file[0] = Account\Withdraw\Account.cs
// Created using OurPresence.Modeller template 'Business Logic Behaviour' version 1.0.0
// NOTE: This file cannot be overwritten when regenerated

namespace Mizrael.SuperSafeBank.BusinessLogic.Account.Withdraw
{
    public class AccountWithdrawRequest : IRequest
    {
        public Money Amount { get;  set; }

    }
}

file[1] = Account\Deposit\Account.cs
// Created using OurPresence.Modeller template 'Business Logic Behaviour' version 1.0.0
// NOTE: This file cannot be overwritten when regenerated

namespace Mizrael.SuperSafeBank.BusinessLogic.Account.Deposit
{
    public class AccountWithdrawRequest : IRequest
    {
        public Money Amount { get;  set; }

    }
}

