{
    "default": "MyValue",
    "maxLength": 20,
    "nullable": true,
    "name": "Test"
}