{"company":"Company","project":"Project","feature":"Feature","defaultSchema":"dbo","models":[{"schema":"dbo","key":{"fields":[{"dataType":"UniqueIdentifier","name":"Id"}]},"fields":[{"default":"Default","maxLength":10,"minLength":5,"businessKey":true,"name":"Field1"},{"maxLength":3000,"minLength":200,"precision":2,"scale":12,"dataType":"Decimal","nullable":true,"name":"Field2"}],"indexes":[],"relationships":[],"behaviours":[],"name":"Model"}],"enumerations":[{"flag":true,"items":[{"name":"None","display":"None","value":0},{"name":"One","display":"One","value":1},{"name":"Two","display":"Two","value":2},{"name":"Three","display":"Three","value":4}],"name":"Enumeration"}],"requests":[{"response":{"fields":[{"name":"ModelName"}]},"fields":[{"name":"ModelId"}],"name":"ChangeModelQuery"}]}