{
    "fields": [
        {
            "sort": "Descending",
            "name": "Field1"
        }
    ],
    "name": "Test"
}