{
    "company": "Company",
    "project": "Test",
    "models": [],
    "enumerations": [],
    "requests": [
        {
            "response": {
                "fields": [
                    {
                        "name": "Tenant"
                    },
                    {
                        "name": "Name"
                    }
                ]
            },
            "fields": [
                {
                    "dataType": "Int32",
                    "name": "TenantId"
                }
            ],
            "name": "Detail"
        }
    ]
}